##########################################################
#    Opium Report File                                   #
##########################################################
     Opium version:        4.0

### copy of the parameter file #######################

[Atom]
O
3    
100 2.00  -
200 2.00  -
210 4.00  -

[XC]
pbe0

[Pseudo]
2 1.34 1.53
opt

[Optinfo]
7.07  10    
7.07  10    

[Configs]
2 
#
200 2.00  -
210 4.25  -
#
200 2.00  -
210 4.50  -

[HFsmooth]
1
1e-6
0.0 0.0

### AE report ########################################

 AE:Orbital    Filling       Eigenvalues[Ry]          Norm
    ----------------------------------------------------------
	100	 2.000	     -38.6930286102
	200	 2.000	      -1.9599520902	  0.2947598491
	210	 4.000	      -0.8197611833	  0.2813407835

      E_tot =     -149.9230769581 Ry

### PS report ########################################

    ====================Optimized pseudopotential method====================

                       Pseudopotential convergence error                      
    Orbital      [mRy/e]       [meV/e]         [mRy]        [meV]        Ghost
    --------------------------------------------------------------------------
	100       0.067980      0.924909      0.135959      1.849819	    no
	210       0.260109      3.538963      1.040435     14.155850	    no

                  Tot. error =               1.176394     16.005669


### NL/SL report #####################################


 SL:Orbital    Filling       Eigenvalues[Ry]          Norm       Ghost
    ------------------------------------------------------------------
	100 	 2.000	      -1.9599520911	  0.2947598473	    no
	210 	 4.000	      -0.8197611796	  0.2813407966	    no

	 ========== No ghosts in potential!!========== 

      E_tot =      -31.1389588493 Ry

### KE report ########################################

	 ===   Ecut necessary for ~1    eV convergence error / electron === 
	 --------------------------------------------------------------- 
		 	 Ecut[Ry] 	 error [meV/e] 
	100  		   7 	          930.166 
	210  		   28 	          939.050 
	 ===   Ecut necessary for ~100 meV convergence error / electron === 
	 --------------------------------------------------------------- 
		 	 Ecut[Ry] 	 error [meV/e] 
	100  		   24 	           98.060 
	210  		   38 	           90.111 

	 ===   Ecut necessary for  ~10 meV convergence error / electron === 
	 --------------------------------------------------------------- 
		 	 Ecut[Ry] 	 error [meV/e] 
	100  		   38 	            9.468 
	210  		   46 	            8.460 

	 ===   Ecut necessary for   ~1 meV convergence error / electron === 
	 --------------------------------------------------------------- 
		 	 Ecut[Ry] 	 error [meV/e] 
	100  		   48 	            0.947 
	210  		   100 	            0.994 

### TC report ########################################

 AE:Orbital    Filling       Eigenvalues[Ry]          Norm
    ----------------------------------------------------------
	100	 2.000	     -37.5190030361
	200	 2.000	      -1.5118600337	  0.3027462636
	210	 4.250	      -0.4268584063	  0.3090689491

      E_tot =     -150.0265511558 Ry

 NL:Orbital    Filling       Eigenvalues[Ry]          Norm       Ghost
    ------------------------------------------------------------------
	100 	 2.000	      -1.4997537569	  0.3042499373	    no
	210 	 4.250	      -0.4293435123	  0.3071786069	    no

      E_tot =      -31.2944521223 Ry

 AE-NL:Orbital Filling       Eigenvalues[mRy]         Norm[1e-3] 
 AE-NL- --------------------------------------------------------------
 AE-NL- 100 	 2.000	     -12.1062768852	 -1.5036737238	
 AE-NL- 210 	 4.250	       2.4851059974	  1.8903422208	
 AE-NL-  total error =	      14.5913828826	  3.3940159446

 =====================================================================
 AE:Orbital    Filling       Eigenvalues[Ry]          Norm
    ----------------------------------------------------------
	100	 2.000	     -37.2722861917
	200	 2.000	      -1.2878950553	  0.3095160160
	210	 4.500	      -0.2120005893	  0.3337756435

      E_tot =     -150.1058924454 Ry

 NL:Orbital    Filling       Eigenvalues[Ry]          Norm       Ghost
    ------------------------------------------------------------------
	100 	 2.000	      -1.2744017769	  0.3112539068	    no
	210 	 4.500	      -0.2137116699	  0.3314157596	    no

      E_tot =      -31.3742729119 Ry

 AE-NL:Orbital Filling       Eigenvalues[mRy]         Norm[1e-3] 
 AE-NL- --------------------------------------------------------------
 AE-NL- 100 	 2.000	     -13.4932784431	 -1.7378908278	
 AE-NL- 210 	 4.500	       1.7110806404	  2.3598839249	
 AE-NL-  total error =	      15.2043590835	  4.0977747527

 =====================================================================

  Comparison of total energy differences.           
   DD_ij = (E_i - E_j)_AE - (E_i-E_j)_NL     

 AE-NL-   i   j         DD[mRy]        DD[meV] 
 AE-NL- ------------------------------------------
 AE-NL-   0   1       -52.019075    -707.755934
 AE-NL-   0   2       -52.498575    -714.279867
 AE-NL-   1   2        -0.479500      -6.523933
